// Jest Snapshot v1, https://goo.gl/fbAQLP

exports[`<CartItem /> Should render the heading 1`] = `
.c0 {
  display: -webkit-box;
  display: -webkit-flex;
  display: -ms-flexbox;
  display: flex;
  -webkit-box-pack: justify;
  -webkit-justify-content: space-between;
  -ms-flex-pack: justify;
  justify-content: space-between;
  border-bottom: 1px solid #06092b;
  padding: 15px 0;
  font-size: 1.3rem;
  height: 130px;
}

.c1 {
  display: -webkit-box;
  display: -webkit-flex;
  display: -ms-flexbox;
  display: flex;
  -webkit-box-pack: justify;
  -webkit-justify-content: space-between;
  -ms-flex-pack: justify;
  justify-content: space-between;
  -webkit-flex-direction: column;
  -ms-flex-direction: column;
  flex-direction: column;
  width: 100%;
}

.c2 {
  display: -webkit-box;
  display: -webkit-flex;
  display: -ms-flexbox;
  display: flex;
  -webkit-box-pack: justify;
  -webkit-justify-content: space-between;
  -ms-flex-pack: justify;
  justify-content: space-between;
  font-size: 1.5rem;
}

.c3 {
  display: -webkit-box;
  display: -webkit-flex;
  display: -ms-flexbox;
  display: flex;
  -webkit-box-pack: justify;
  -webkit-justify-content: space-between;
  -ms-flex-pack: justify;
  justify-content: space-between;
  -webkit-align-items: center;
  -webkit-box-align: center;
  -ms-flex-align: center;
  align-items: center;
}

.c4 {
  margin: 0 1rem;
}

.c5 {
  max-width: 80px;
  object-fit: cover;
  margin-left: 40px;
}

<div
  class="c0"
>
  <div
    class="c1"
  >
    <h3>
      Fjallraven - Foldsack No. 1 Backpack, Fits 15 Laptops
    </h3>
    <div
      class="c2"
    >
      <p>
        Price: R$
        109.95
      </p>
      <p>
        Total: R$
        0.00
      </p>
    </div>
    <div
      class="c3"
    >
      <button
        class="MuiButtonBase-root MuiButton-root MuiButton-contained MuiButton-containedSizeSmall MuiButton-sizeSmall MuiButton-disableElevation"
        tabindex="0"
        type="button"
      >
        <span
          class="MuiButton-label"
        >
          -
        </span>
        <span
          class="MuiTouchRipple-root"
        />
      </button>
      <p
        class="c4"
      >
        0
      </p>
      <button
        class="MuiButtonBase-root MuiButton-root MuiButton-contained MuiButton-containedSizeSmall MuiButton-sizeSmall MuiButton-disableElevation"
        tabindex="0"
        type="button"
      >
        <span
          class="MuiButton-label"
        >
          +
        </span>
        <span
          class="MuiTouchRipple-root"
        />
      </button>
    </div>
  </div>
  <img
    alt="Fjallraven - Foldsack No. 1 Backpack, Fits 15 Laptops"
    class="c5"
    src="https://fakestoreapi.com/img/81fPKd-2AYL._AC_SL1500_.jpg"
  />
</div>
`;
